// Jest Snapshot v1, https://goo.gl/fbAQLP

exports[`renders correctly 1`] = `
<div
  className="rcs-ripple"
  style={
    Object {
      "--rcs-ripple-color": "#fff",
      "--rcs-ripple-size": "64px",
      "--rcs-ripple-thickness": "4px",
    }
  }
>
  <div />
  <div />
</div>
`;
