// Jest Snapshot v1, https://goo.gl/fbAQLP

exports[`renders correctly 1`] = `
<div
  className="rcs-ellipsis"
>
  <div />
  <div />
  <div />
  <div />
</div>
`;
