// Jest Snapshot v1, https://goo.gl/fbAQLP

exports[`renders correctly 1`] = `
<div
  className="rcs-grid"
  style={
    Object {
      "--rcs-grid-color": "#fff",
      "--rcs-grid-size": "64px",
    }
  }
>
  <div />
  <div />
  <div />
  <div />
  <div />
  <div />
  <div />
  <div />
  <div />
</div>
`;
