// Jest Snapshot v1, https://goo.gl/fbAQLP

exports[`renders correctly 1`] = `
<div
  className="rcs-wave"
  style={
    Object {
      "--rcs-wave-color": "#fff",
      "--rcs-wave-size": "64px",
      "--rcs-wave-thickness": "12px",
    }
  }
>
  <div />
  <div />
  <div />
</div>
`;
