// Jest Snapshot v1, https://goo.gl/fbAQLP

exports[`renders correctly 1`] = `
<div
  className="rcs-ring"
  style={
    Object {
      "--rcs-ring-color": "#fff",
      "--rcs-ring-size": "64px",
      "--rcs-ring-thickness": "5px",
    }
  }
>
  <div />
  <div />
  <div />
  <div />
</div>
`;
